// Vitest Snapshot v1, https://vitest.dev/guide/snapshot.html

exports[`ProjectCard > matches snapshot 1`] = `
<div>
  <div
    class="rounded-2xl bg-surface p-4 shadow"
  >
    <div
      class="flex items-center justify-between"
    >
      <h3
        class="text-lg font-semibold"
      >
        Website revamp
      </h3>
      <span
        class="inline-flex items-center gap-1.5 rounded-full px-3 py-1 text-xs font-medium bg-neutral-100 text-neutral-600 "
      >
        Active
      </span>
    </div>
    <p
      class="mt-2 text-sm text-neutral-500"
    >
      Finalize landing
    </p>
    <div
      class="mt-3"
    >
      <div
        class="h-2 bg-neutral-100 rounded-full overflow-hidden"
      >
        <div
          class="h-2 bg-primary"
          style="width: 42%;"
        />
      </div>
    </div>
  </div>
</div>
`;
