// Vitest Snapshot v1, https://vitest.dev/guide/snapshot.html

exports[`ProjectCard > matches snapshot 1`] = `
<div>
  <div
    class="genie-card animate-fade-in transition-transform duration-200 hover:-translate-y-1"
  >
    <div
      class="flex items-center justify-between mb-2"
    >
      <h3
        class="text-lg font-semibold"
        style="color: var(--text-primary);"
      >
        Website revamp
      </h3>
      <span
        class="inline-flex items-center gap-1.5 rounded-full px-3 py-1 text-xs font-medium bg-[var(--surf-glass)] text-[var(--text-secondary)] border border-[var(--border-glass)] shadow-xs "
      >
        Active
      </span>
    </div>
    <div
      class="text-sm mb-3"
      style="color: var(--text-secondary);"
    >
      Finalize landing
    </div>
    <div
      aria-label="Website revamp progress"
      aria-valuemax="100"
      aria-valuemin="0"
      aria-valuenow="42"
      class="progress h-2 rounded-full overflow-hidden"
      role="progressbar"
    >
      <div
        class="progress-fill h-2"
        style="width: 42%;"
      />
    </div>
    <div
      class="flex items-center justify-between text-xs mt-2"
      style="color: var(--text-tertiary);"
    >
      <span>
        42%
      </span>
    </div>
  </div>
</div>
`;
